2024-07-08 10:21:19 - test_View_sidebar: FAIL
2024-07-08 10:23:00 - test_View_sidebar: FAIL
2024-07-08 10:26:45 - test_View_sidebar: FAIL
2024-07-08 10:31:31 - test_View_sidebar: FAIL
2024-07-08 10:35:18 - test_View_sidebar: FAIL
2024-07-08 10:57:29 - test_View_sidebar: FAIL
2024-07-08 11:00:25 - test_View_sidebar: FAIL
2024-07-08 11:05:15 - test_View_sidebar: FAIL
2024-07-08 11:07:28 - test_View_sidebar: FAIL
2024-07-08 11:12:04 - test_View_sidebar: FAIL
2024-07-08 11:15:47 - test_View_sidebar: FAIL
2024-07-08 11:25:08 - test_View_sidebar: FAIL
2024-07-08 11:28:38 - test_View_sidebar: FAIL
2024-07-08 11:30:56 - test_View_sidebar: FAIL
2024-07-08 11:36:25 - test_View_sidebar: FAIL
2024-07-08 11:48:48 - test_View_sidebar: FAIL
2024-07-08 12:05:06 - test_View_sidebar: FAIL
2024-07-08 12:23:02 - test_View_sidebar: FAIL
